gpu-guard: running on GPU(s) [1] -- OK (avoiding [])
Loading climacommon/2025_05_15
  Loading requirement: climaauth/2025_05_15 openmpi/4.1.5-mpitrampoline
    julia/1.11.5 cuda/julia-pref
Status `~/calkit/clima-gpu-profiling/ClimaCoupler.jl-mod/experiments/AMIP/Project.toml`
  [c7e460c6] ArgParse v1.2.0
⌅ [052768ef] CUDA v5.11.3
  [159f3aea] Cairo v1.1.1
⌃ [13f3f980] CairoMakie v0.15.14
  [29b5916a] ClimaAnalysis v0.5.23
  [b2c96348] ClimaAtmos v0.42.11 `../../../ClimaAtmos.jl-mod`
⌅ [4347a170] ClimaCalibrate v0.4.0
  [3a4d1b5c] ClimaComms v0.6.11
  [d414da3d] ClimaCore v1.0.0 `../../../ClimaCore.jl-mod`
  [4ade58fe] ClimaCoupler v0.2.3 `../..`
  [1ecacbb8] ClimaDiagnostics v0.3.11
  [08f4d4ce] ClimaLand v1.12.2
  [5c42b081] ClimaParams v1.1.11
  [595c0a79] ClimaTimeSteppers v1.0.1
  [b3f4f4ca] ClimaUtilities v0.1.33
  [aa8a2aa5] EnsembleKalmanProcesses v2.7.4
⌅ [61eb1bfa] GPUCompiler v1.17.1
  [db073c08] GeoMakie v0.7.17
  [e98cc03f] Insolation v1.2.1
⌅ [a98d9a8b] Interpolations v0.15.2
⌃ [033835bb] JLD2 v0.6.6
  [da04e1cc] MPI v0.20.27
⌅ [ee78f7c6] Makie v0.24.14
  [85f8d34a] NCDatasets v0.14.15
  [5da4648a] NVTX v1.0.3
⌅ [b946abbf] NaNStatistics v0.6.56
  [08abe8d2] PrettyTables v3.4.8
  [a01a1ee8] RRTMGP v1.0.0 `../../../RRTMGP.jl-mod`
  [1bc83da4] SafeTestsets v0.1.0
⌃ [90137ffa] StaticArrays v1.9.20
  [49b00bb7] SurfaceFluxes v1.2.1
  [b60c26fb] Thermodynamics v1.3.0
⌃ [ddb6d928] YAML v0.4.16
⌅ [9c32591e] Poppler_jll v24.6.0+0
  [de0858da] Printf v1.11.0
Info Packages marked with ⌃ and ⌅ have new versions available. Those with ⌃ may be upgradable, but those with ⌅ are restricted by compatibility constraints from upgrading. To see why use `status --outdated`
